To honour the JVM settings for this build a single-use Daemon process will be forked. For more on this, please refer to https://docs.gradle.org/9.2.1/userguide/gradle_daemon.html#sec:disabling_the_daemon in the Gradle documentation.
Daemon will be stopped at the end of the build 
Calculating task graph as configuration cache cannot be reused because file 'gradle.properties' has changed.
> Task :createMinecraftArtifacts UP-TO-DATE
> Task :generateModMetadata
> Task :processResources

> Task :compileJava
C:\Users\trasa\OneDrive\Desktop\unlimitedSpaceFolder\src\main\java\com\modscreating\unlimitedspace\worldgen\dynamic\DynamicPlanetWorldManager.java:13: error: cannot find symbol
import com.modscreating.unlimitedspace.worldgen.planet.PlanetWorldgenProfile;
                                                      ^
  symbol:   class PlanetWorldgenProfile
  location: package com.modscreating.unlimitedspace.worldgen.planet
C:\Users\trasa\OneDrive\Desktop\unlimitedSpaceFolder\src\main\java\com\modscreating\unlimitedspace\worldgen\dynamic\DynamicPlanetWorldManager.java:139: error: incompatible types: possible lossy conversion from double to float
        float gravity = planet.properties().gravity();
                                                   ^
C:\Users\trasa\OneDrive\Desktop\unlimitedSpaceFolder\src\main\java\com\modscreating\unlimitedspace\worldgen\dynamic\DynamicPlanetWorldManager.java:140: error: cannot find symbol
        PlanetWorldgenProfile profile = PlanetWorldgenProfile.from(planet);
        ^
  symbol:   class PlanetWorldgenProfile
  location: class DynamicPlanetWorldManager
C:\Users\trasa\OneDrive\Desktop\unlimitedSpaceFolder\src\main\java\com\modscreating\unlimitedspace\worldgen\dynamic\DynamicPlanetWorldManager.java:140: error: cannot find symbol
        PlanetWorldgenProfile profile = PlanetWorldgenProfile.from(planet);
                                        ^
  symbol:   variable PlanetWorldgenProfile
  location: class DynamicPlanetWorldManager
Note: C:\Users\trasa\OneDrive\Desktop\unlimitedSpaceFolder\src\main\java\com\modscreating\unlimitedspace\UnlimitedSpace.java uses or overrides a deprecated API.
Note: Recompile with -Xlint:deprecation for details.
4 errors

> Task :compileJava FAILED

[Incubating] Problems report is available at: file:///C:/Users/trasa/OneDrive/Desktop/unlimitedSpaceFolder/build/reports/problems/problems-report.html

FAILURE: Build failed with an exception.

* What went wrong:
Execution failed for task ':compileJava'.
> Compilation failed; see the compiler output below.
  C:\Users\trasa\OneDrive\Desktop\unlimitedSpaceFolder\src\main\java\com\modscreating\unlimitedspace\worldgen\dynamic\DynamicPlanetWorldManager.java:13: error: cannot find symbol
  import com.modscreating.unlimitedspace.worldgen.planet.PlanetWorldgenProfile;
                                                        ^
    symbol:   class PlanetWorldgenProfile
    location: package com.modscreating.unlimitedspace.worldgen.planet
  4 errors

* Try:
> Check your code and dependencies to fix the compilation error(s)
> Run with --scan to generate a Build Scan (powered by Develocity).

Deprecated Gradle features were used in this build, making it incompatible with Gradle 10.

You can use '--warning-mode all' to show the individual deprecation warnings and determine if they come from your own scripts or plugins.

For more on this, please refer to https://docs.gradle.org/9.2.1/userguide/command_line_interface.html#sec:command_line_warnings in the Gradle documentation.

BUILD FAILED in 24s
4 actionable tasks: 3 executed, 1 up-to-date
Configuration cache entry stored.
