C:\Users\trasa\OneDrive\Desktop\unlimitedSpaceFolder\src\main\java\com\modscreating\unlimitedspace\cs\RocketDestinationWorldWatchdog.java:108: error: illegal start of expression
    private static final Logger LOGGER = LogManager.getLogger();
    ^
C:\Users\trasa\OneDrive\Desktop\unlimitedSpaceFolder\src\main\java\com\modscreating\unlimitedspace\cs\RocketDestinationWorldWatchdog.java:112: error: illegal start of type
        if (planet.matches()) {
        ^
C:\Users\trasa\OneDrive\Desktop\unlimitedSpaceFolder\src\main\java\com\modscreating\unlimitedspace\cs\RocketDestinationWorldWatchdog.java:112: error: <identifier> expected
        if (planet.matches()) {
                          ^
C:\Users\trasa\OneDrive\Desktop\unlimitedSpaceFolder\src\main\java\com\modscreating\unlimitedspace\cs\RocketDestinationWorldWatchdog.java:112: error: ';' expected
        if (planet.matches()) {
                            ^
C:\Users\trasa\OneDrive\Desktop\unlimitedSpaceFolder\src\main\java\com\modscreating\unlimitedspace\cs\RocketDestinationWorldWatchdog.java:126: error: illegal start of type
        if (moon.matches()) {
        ^
C:\Users\trasa\OneDrive\Desktop\unlimitedSpaceFolder\src\main\java\com\modscreating\unlimitedspace\cs\RocketDestinationWorldWatchdog.java:126: error: <identifier> expected
        if (moon.matches()) {
                        ^
C:\Users\trasa\OneDrive\Desktop\unlimitedSpaceFolder\src\main\java\com\modscreating\unlimitedspace\cs\RocketDestinationWorldWatchdog.java:126: error: ';' expected
        if (moon.matches()) {
                          ^
C:\Users\trasa\OneDrive\Desktop\unlimitedSpaceFolder\src\main\java\com\modscreating\unlimitedspace\cs\RocketDestinationWorldWatchdog.java:141: error: illegal start of type
        if (asteroid.matches()) {
        ^
C:\Users\trasa\OneDrive\Desktop\unlimitedSpaceFolder\src\main\java\com\modscreating\unlimitedspace\cs\RocketDestinationWorldWatchdog.java:141: error: <identifier> expected
        if (asteroid.matches()) {
                            ^
C:\Users\trasa\OneDrive\Desktop\unlimitedSpaceFolder\src\main\java\com\modscreating\unlimitedspace\cs\RocketDestinationWorldWatchdog.java:141: error: ';' expected
        if (asteroid.matches()) {
                              ^
C:\Users\trasa\OneDrive\Desktop\unlimitedSpaceFolder\src\main\java\com\modscreating\unlimitedspace\cs\RocketDestinationWorldWatchdog.java:152: error: illegal start of type
        if (star.matches()) {
        ^
C:\Users\trasa\OneDrive\Desktop\unlimitedSpaceFolder\src\main\java\com\modscreating\unlimitedspace\cs\RocketDestinationWorldWatchdog.java:152: error: <identifier> expected
        if (star.matches()) {
                        ^
C:\Users\trasa\OneDrive\Desktop\unlimitedSpaceFolder\src\main\java\com\modscreating\unlimitedspace\cs\RocketDestinationWorldWatchdog.java:152: error: ';' expected
        if (star.matches()) {
                          ^
C:\Users\trasa\OneDrive\Desktop\unlimitedSpaceFolder\src\main\java\com\modscreating\unlimitedspace\cs\RocketDestinationWorldWatchdog.java:162: error: unnamed classes are a preview feature and are disabled by default.
    private static void ensureSystem(MinecraftServer server, int systemIndex) {
                   ^
  (use --enable-preview to enable unnamed classes)
C:\Users\trasa\OneDrive\Desktop\unlimitedSpaceFolder\src\main\java\com\modscreating\unlimitedspace\cs\RocketDestinationWorldWatchdog.java:181: error: class, interface, enum, or record expected
}
^
C:\Users\trasa\OneDrive\Desktop\unlimitedSpaceFolder\src\main\java\com\modscreating\unlimitedspace\cs\RocketDestinationWorldWatchdog.java:1: error: unnamed class should not have package declaration
package com.modscreating.unlimitedspace.cs;
^
16 errors

FAILURE: Build failed with an exception.

* What went wrong:
Execution failed for task ':compileJava'.
> Compilation failed; see the compiler output below.
  C:\Users\trasa\OneDrive\Desktop\unlimitedSpaceFolder\src\main\java\com\modscreating\unlimitedspace\cs\RocketDestinationWorldWatchdog.java:108: error: illegal start of expression
      private static final Logger LOGGER = LogManager.getLogger();
      ^
  16 errors

* Try:
> Check your code and dependencies to fix the compilation error(s)
> Run with --scan to generate a Build Scan (powered by Develocity).

BUILD FAILED in 6s
